
> frontend@0.0.0 build
> vue-tsc && vite build

src/views/Main.vue(133,3): error TS6133: 'Plus' is declared but its value is never read.
src/views/Main.vue(133,9): error TS6133: 'Search' is declared but its value is never read.
src/views/Main.vue(133,27): error TS6133: 'ArrowRight' is declared but its value is never read.
src/views/Main.vue(133,39): error TS6133: 'User' is declared but its value is never read.
src/views/Main.vue(134,3): error TS6133: 'SwitchButton' is declared but its value is never read.
src/views/Main.vue(134,31): error TS6133: 'Star' is declared but its value is never read.
src/views/Main.vue(135,9): error TS2305: Module '"@element-plus/icons-vue"' has no exported member 'Globe'.
src/views/Main.vue(137,21): error TS6133: 'ElMessageBox' is declared but its value is never read.
