src/views/Main.vue(133,3): error TS6133: 'Plus' is declared but its value is never read.
src/views/Main.vue(133,9): error TS6133: 'Search' is declared but its value is never read.
src/views/Main.vue(133,38): error TS6133: 'ArrowRight' is declared but its value is never read.
src/views/Main.vue(133,50): error TS6133: 'User' is declared but its value is never read.
src/views/Main.vue(134,3): error TS6133: 'SwitchButton' is declared but its value is never read.
src/views/Main.vue(134,31): error TS6133: 'Star' is declared but its value is never read.
src/views/Main.vue(135,9): error TS2305: Module '"@element-plus/icons-vue"' has no exported member 'Globe'.
