[INFO] Scanning for projects...
[INFO] 
[INFO] ---------------------< com.multimodal:rag-system >----------------------
[INFO] Building multimodal-rag-system 1.0.0
[INFO]   from pom.xml
[INFO] --------------------------------[ jar ]---------------------------------
[INFO] 
[INFO] --- clean:3.4.0:clean (default-clean) @ rag-system ---
[INFO] Deleting D:\gemini\multimodal-rag-system\backend\target
[INFO] 
[INFO] --- resources:3.3.1:resources (default-resources) @ rag-system ---
[INFO] Copying 1 resource from src\main\resources to target\classes
[INFO] Copying 0 resource from src\main\resources to target\classes
[INFO] 
[INFO] --- compiler:3.13.0:compile (default-compile) @ rag-system ---
[INFO] Recompiling the module because of changed source code.
[INFO] Compiling 50 source files with javac [debug parameters release 17] to target\classes
[INFO] /D:/gemini/multimodal-rag-system/backend/src/main/java/com/multimodal/rag/security/JwtTokenProvider.java: 某些输入文件使用或覆盖了已过时的 API。
[INFO] /D:/gemini/multimodal-rag-system/backend/src/main/java/com/multimodal/rag/security/JwtTokenProvider.java: 有关详细信息, 请使用 -Xlint:deprecation 重新编译。
[INFO] -------------------------------------------------------------
[ERROR] COMPILATION ERROR : 
[INFO] -------------------------------------------------------------
[ERROR] /D:/gemini/multimodal-rag-system/backend/src/main/java/com/multimodal/rag/service/StatisticsService.java:[62,53] 找不到符号
  符号:   方法 findHotDocuments(java.time.LocalDateTime)
  位置: 类型为com.multimodal.rag.repository.DocumentAccessLogRepository的变量 accessLogRepository
[ERROR] /D:/gemini/multimodal-rag-system/backend/src/main/java/com/multimodal/rag/service/StatisticsService.java:[75,35] 找不到符号
  符号:   方法 findByDocumentId(java.lang.Long)
  位置: 类型为com.multimodal.rag.repository.DocumentAccessLogRepository的变量 accessLogRepository
[INFO] 2 errors 
[INFO] -------------------------------------------------------------
[INFO] ------------------------------------------------------------------------
[INFO] BUILD FAILURE
[INFO] ------------------------------------------------------------------------
[INFO] Total time:  10.174 s
[INFO] Finished at: 2026-02-01T21:50:59+08:00
[INFO] ------------------------------------------------------------------------
[ERROR] Failed to execute goal org.apache.maven.plugins:maven-compiler-plugin:3.13.0:compile (default-compile) on project rag-system: Compilation failure: Compilation failure: 
[ERROR] /D:/gemini/multimodal-rag-system/backend/src/main/java/com/multimodal/rag/service/StatisticsService.java:[62,53] 找不到符号
[ERROR]   符号:   方法 findHotDocuments(java.time.LocalDateTime)
[ERROR]   位置: 类型为com.multimodal.rag.repository.DocumentAccessLogRepository的变量 accessLogRepository
[ERROR] /D:/gemini/multimodal-rag-system/backend/src/main/java/com/multimodal/rag/service/StatisticsService.java:[75,35] 找不到符号
[ERROR]   符号:   方法 findByDocumentId(java.lang.Long)
[ERROR]   位置: 类型为com.multimodal.rag.repository.DocumentAccessLogRepository的变量 accessLogRepository
[ERROR] -> [Help 1]
[ERROR] 
[ERROR] To see the full stack trace of the errors, re-run Maven with the -e switch.
[ERROR] Re-run Maven using the -X switch to enable full debug logging.
[ERROR] 
[ERROR] For more information about the errors and possible solutions, please read the following articles:
[ERROR] [Help 1] http://cwiki.apache.org/confluence/display/MAVEN/MojoFailureException
